// Jest Snapshot v1, https://goo.gl/fbAQLP

exports[`RightSideBar Should render import RightSideBar 1`] = `[Function]`;
