// Jest Snapshot v1, https://goo.gl/fbAQLP

exports[`LeftSideBar Should render import LeftSideBar 1`] = `[Function]`;
